2026-06-05 13:50:00 | Building datasets ...
2026-06-05 13:50:00 |   Train: 4716 | Val: 524
2026-06-05 13:50:00 |   pos_weight: [10.0, 1.08, 10.0, 8.62, 10.0, 10.0, 10.0, 10.0, 6.03, 10.0, 10.0]
2026-06-05 13:50:00 | Training hycnn_trans_xattnres  epochs=30  bs=32  lr=1.0e-04
2026-06-05 13:50:00 |      Epoch     Loss tr/val    Acc tr/val     F1 tr/val  LR
2026-06-05 13:53:14 | [001/30]  Loss 0.9410/0.8421  Acc 0.5758/0.6945  F1 0.1380/0.1694  lr=1.0e-06  00:03:13 [BEST]
2026-06-05 13:53:14 |          AKIE=0.16  BCC=0.64  BEN_=0.01  BKL=0.15  DF=0.00  INF=0.02  MAL_=0.00  MEL=0.18  NV=0.35  SCCK=0.28  VASC=0.07
2026-06-05 13:56:23 | [002/30]  Loss 0.5493/0.4266  Acc 0.8670/0.9094  F1 0.2606/0.4008  lr=3.4e-05  00:06:22 [BEST]
2026-06-05 13:56:23 |          AKIE=0.36  BCC=0.87  BEN_=0.00  BKL=0.38  DF=0.57  INF=0.29  MAL_=0.00  MEL=0.47  NV=0.74  SCCK=0.56  VASC=0.17
2026-06-05 13:59:30 | [003/30]  Loss 0.4674/0.4195  Acc 0.8879/0.8910  F1 0.3523/0.3767  lr=6.7e-05  00:09:29
2026-06-05 13:59:30 |          AKIE=0.29  BCC=0.86  BEN_=0.00  BKL=0.34  DF=0.42  INF=0.18  MAL_=0.00  MEL=0.42  NV=0.70  SCCK=0.48  VASC=0.44
2026-06-05 14:02:28 | [004/30]  Loss 0.4192/0.4410  Acc 0.8976/0.9192  F1 0.3823/0.4396  lr=1.0e-04  00:12:27 [BEST]
2026-06-05 14:02:28 |          AKIE=0.33  BCC=0.86  BEN_=0.00  BKL=0.43  DF=0.57  INF=0.22  MAL_=0.00  MEL=0.43  NV=0.74  SCCK=0.67  VASC=0.60
2026-06-05 14:05:38 | [005/30]  Loss 0.3830/0.3850  Acc 0.9065/0.9200  F1 0.4256/0.4347  lr=1.0e-04  00:15:37
2026-06-05 14:05:38 |          AKIE=0.47  BCC=0.87  BEN_=0.22  BKL=0.45  DF=0.28  INF=0.18  MAL_=0.00  MEL=0.52  NV=0.70  SCCK=0.63  VASC=0.46
2026-06-05 14:08:34 | [006/30]  Loss 0.3455/0.3723  Acc 0.9167/0.9244  F1 0.4745/0.4853  lr=9.9e-05  00:18:33 [BEST]
2026-06-05 14:08:34 |          AKIE=0.47  BCC=0.90  BEN_=0.22  BKL=0.42  DF=0.62  INF=0.27  MAL_=0.00  MEL=0.46  NV=0.76  SCCK=0.63  VASC=0.60
2026-06-05 14:11:37 | [007/30]  Loss 0.3115/0.3684  Acc 0.9241/0.9348  F1 0.5139/0.4860  lr=9.7e-05  00:21:36 [BEST]
2026-06-05 14:11:37 |          AKIE=0.44  BCC=0.89  BEN_=0.00  BKL=0.43  DF=0.57  INF=0.40  MAL_=0.00  MEL=0.58  NV=0.80  SCCK=0.66  VASC=0.57
2026-06-05 14:14:41 | [008/30]  Loss 0.2822/0.3845  Acc 0.9326/0.9304  F1 0.5376/0.4728  lr=9.5e-05  00:24:40
2026-06-05 14:14:41 |          AKIE=0.46  BCC=0.89  BEN_=0.00  BKL=0.47  DF=0.80  INF=0.18  MAL_=0.00  MEL=0.48  NV=0.77  SCCK=0.65  VASC=0.50
2026-06-05 14:17:40 | [009/30]  Loss 0.2639/0.3983  Acc 0.9379/0.9382  F1 0.6071/0.4874  lr=9.2e-05  00:27:39 [BEST]
2026-06-05 14:17:40 |          AKIE=0.51  BCC=0.89  BEN_=0.00  BKL=0.46  DF=0.44  INF=0.22  MAL_=0.00  MEL=0.67  NV=0.76  SCCK=0.66  VASC=0.75
2026-06-05 14:20:44 | [010/30]  Loss 0.2384/0.4813  Acc 0.9439/0.9400  F1 0.6150/0.4840  lr=8.8e-05  00:30:43
2026-06-05 14:20:44 |          AKIE=0.47  BCC=0.89  BEN_=0.00  BKL=0.50  DF=0.43  INF=0.32  MAL_=0.00  MEL=0.61  NV=0.73  SCCK=0.63  VASC=0.75
2026-06-05 14:23:40 | [011/30]  Loss 0.2165/0.4140  Acc 0.9503/0.9367  F1 0.6639/0.4988  lr=8.4e-05  00:33:39 [BEST]
2026-06-05 14:23:40 |          AKIE=0.57  BCC=0.88  BEN_=0.11  BKL=0.46  DF=0.55  INF=0.25  MAL_=0.00  MEL=0.56  NV=0.77  SCCK=0.68  VASC=0.67
2026-06-05 14:26:43 | [012/30]  Loss 0.1924/0.4120  Acc 0.9553/0.9384  F1 0.7039/0.4697  lr=8.0e-05  00:36:43
2026-06-05 14:26:43 |          AKIE=0.42  BCC=0.89  BEN_=0.00  BKL=0.53  DF=0.57  INF=0.24  MAL_=0.00  MEL=0.53  NV=0.83  SCCK=0.67  VASC=0.50
2026-06-05 14:29:44 | [013/30]  Loss 0.1727/0.4258  Acc 0.9601/0.9492  F1 0.7266/0.5569  lr=7.5e-05  00:39:43 [BEST]
2026-06-05 14:29:44 |          AKIE=0.56  BCC=0.89  BEN_=0.22  BKL=0.55  DF=0.67  INF=0.40  MAL_=0.00  MEL=0.66  NV=0.83  SCCK=0.60  VASC=0.75
2026-06-05 14:32:51 | [014/30]  Loss 0.1550/0.4809  Acc 0.9647/0.9502  F1 0.7484/0.4871  lr=7.0e-05  00:42:50
2026-06-05 14:32:51 |          AKIE=0.55  BCC=0.89  BEN_=0.00  BKL=0.54  DF=0.42  INF=0.36  MAL_=0.00  MEL=0.67  NV=0.79  SCCK=0.71  VASC=0.43
2026-06-05 14:35:50 | [015/30]  Loss 0.1394/0.4939  Acc 0.9710/0.9483  F1 0.8096/0.5268  lr=6.4e-05  00:45:49
2026-06-05 14:35:50 |          AKIE=0.52  BCC=0.89  BEN_=0.20  BKL=0.57  DF=0.57  INF=0.24  MAL_=0.00  MEL=0.63  NV=0.76  SCCK=0.66  VASC=0.75
2026-06-05 14:38:50 | [016/30]  Loss 0.1202/0.5349  Acc 0.9733/0.9584  F1 0.8235/0.5644  lr=5.9e-05  00:48:49 [BEST]
2026-06-05 14:38:50 |          AKIE=0.57  BCC=0.91  BEN_=0.25  BKL=0.60  DF=0.57  INF=0.29  MAL_=0.00  MEL=0.67  NV=0.82  SCCK=0.69  VASC=0.86
2026-06-05 14:41:58 | [017/30]  Loss 0.1128/0.6165  Acc 0.9752/0.9514  F1 0.8298/0.5241  lr=5.3e-05  00:51:57
2026-06-05 14:41:58 |          AKIE=0.58  BCC=0.89  BEN_=0.22  BKL=0.52  DF=0.46  INF=0.33  MAL_=0.00  MEL=0.60  NV=0.84  SCCK=0.66  VASC=0.67
2026-06-05 14:44:55 | [018/30]  Loss 0.0990/0.5811  Acc 0.9787/0.9542  F1 0.8563/0.5753  lr=4.7e-05  00:54:55 [BEST]
2026-06-05 14:44:56 |          AKIE=0.59  BCC=0.89  BEN_=0.20  BKL=0.49  DF=0.73  INF=0.50  MAL_=0.00  MEL=0.73  NV=0.81  SCCK=0.65  VASC=0.75
2026-06-05 14:48:09 | [019/30]  Loss 0.0963/0.6777  Acc 0.9806/0.9540  F1 0.8771/0.5596  lr=4.1e-05  00:58:09
2026-06-05 14:48:09 |          AKIE=0.53  BCC=0.90  BEN_=0.20  BKL=0.54  DF=0.55  INF=0.67  MAL_=0.00  MEL=0.63  NV=0.75  SCCK=0.65  VASC=0.75
2026-06-05 14:51:25 | [020/30]  Loss 0.0806/0.7242  Acc 0.9825/0.9545  F1 0.8730/0.5653  lr=3.6e-05  01:01:24
2026-06-05 14:51:25 |          AKIE=0.60  BCC=0.89  BEN_=0.22  BKL=0.48  DF=0.67  INF=0.50  MAL_=0.00  MEL=0.67  NV=0.79  SCCK=0.64  VASC=0.75
2026-06-05 14:54:25 | [021/30]  Loss 0.0785/0.7106  Acc 0.9844/0.9559  F1 0.8914/0.5581  lr=3.0e-05  01:04:25
2026-06-05 14:54:25 |          AKIE=0.59  BCC=0.90  BEN_=0.25  BKL=0.48  DF=0.60  INF=0.46  MAL_=0.00  MEL=0.69  NV=0.79  SCCK=0.63  VASC=0.75
2026-06-05 14:57:34 | [022/30]  Loss 0.0704/0.7246  Acc 0.9866/0.9559  F1 0.9298/0.5620  lr=2.5e-05  01:07:34
2026-06-05 14:57:34 |          AKIE=0.52  BCC=0.89  BEN_=0.25  BKL=0.53  DF=0.60  INF=0.50  MAL_=0.00  MEL=0.69  NV=0.78  SCCK=0.67  VASC=0.75
2026-06-05 15:00:30 | [023/30]  Loss 0.0704/0.6882  Acc 0.9864/0.9570  F1 0.9112/0.5651  lr=2.0e-05  01:10:29
2026-06-05 15:00:30 |          AKIE=0.59  BCC=0.89  BEN_=0.22  BKL=0.54  DF=0.55  INF=0.50  MAL_=0.00  MEL=0.69  NV=0.81  SCCK=0.67  VASC=0.75
2026-06-05 15:03:40 | [024/30]  Loss 0.0622/0.7345  Acc 0.9877/0.9584  F1 0.9079/0.5610  lr=1.6e-05  01:13:39
2026-06-05 15:03:40 |          AKIE=0.57  BCC=0.90  BEN_=0.25  BKL=0.53  DF=0.55  INF=0.50  MAL_=0.00  MEL=0.69  NV=0.82  SCCK=0.63  VASC=0.75
2026-06-05 15:06:51 | [025/30]  Loss 0.0617/0.7252  Acc 0.9881/0.9566  F1 0.9214/0.5568  lr=1.2e-05  01:16:50
2026-06-05 15:06:51 |          AKIE=0.56  BCC=0.89  BEN_=0.25  BKL=0.51  DF=0.55  INF=0.50  MAL_=0.00  MEL=0.68  NV=0.81  SCCK=0.63  VASC=0.75
2026-06-05 15:09:46 | [026/30]  Loss 0.0585/0.7452  Acc 0.9899/0.9571  F1 0.9301/0.5729  lr=8.3e-06  01:19:45
2026-06-05 15:09:46 |          AKIE=0.57  BCC=0.89  BEN_=0.25  BKL=0.50  DF=0.67  INF=0.50  MAL_=0.00  MEL=0.72  NV=0.79  SCCK=0.67  VASC=0.75
2026-06-05 15:10:07 | Early stopping at epoch 26
2026-06-05 15:10:13 | Loaded best weights: outputs/checkpoints/hycnn_trans_xattnres/best.pth
2026-06-05 15:10:19 | ==================================================
2026-06-05 15:10:19 | ===== FINAL VALIDATION SUMMARY (best checkpoint) =====
2026-06-05 15:10:19 |   Acc@1      : 0.7538
2026-06-05 15:10:19 |   Acc@5      : 0.9733
2026-06-05 15:10:19 |   Precision  : 0.5430
2026-06-05 15:10:19 |   Recall     : 0.6160
2026-06-05 15:10:19 |   Macro F1   : 0.5753
2026-06-05 15:10:19 |   ROC-AUC    : 0.8548
2026-06-05 15:10:19 | ===== MODEL INFO =====
2026-06-05 15:10:19 |   Model      : hycnn_trans_xattnres
2026-06-05 15:10:22 |   Params (M) : 106.08
2026-06-05 15:10:22 | ==================================================
2026-06-05 15:10:22 | ===== AUTO SUBMISSION =====
2026-06-05 15:10:36 |   [best] saved: outputs/submissions/submission_hycnn_trans_xattnres_best.csv
2026-06-05 15:10:43 |   [last] saved: outputs/submissions/submission_hycnn_trans_xattnres_last.csv
2026-06-05 15:10:43 | Done  best_val_f1=0.5753  total_time=01:20:42
