2026-06-02 06:20:36 | Building datasets ...
2026-06-02 06:20:36 |   Train: 4192 | Val: 1048
2026-06-02 06:20:36 |   pos_weight: [10.0, 1.08, 10.0, 8.64, 10.0, 10.0, 10.0, 10.0, 6.02, 10.0, 10.0]
2026-06-02 06:20:36 | Training swin_base_patch4_window7_224  epochs=30  bs=32  lr=1.0e-04
2026-06-02 06:20:36 |      Epoch     Loss tr/val    Acc tr/val     F1 tr/val  LR
2026-06-02 06:21:43 | [001/30]  Loss 0.8904/0.7744  Acc 0.6842/0.8135  F1 0.1378/0.1610  lr=1.0e-06  00:01:07 [BEST]
2026-06-02 06:21:43 |          AKIE=0.11  BCC=0.63  BEN_=0.00  BKL=0.17  DF=0.00  INF=0.00  MAL_=0.00  MEL=0.26  NV=0.36  SCCK=0.25  VASC=0.00
2026-06-02 06:23:01 | [002/30]  Loss 0.5642/0.4558  Acc 0.8670/0.8842  F1 0.2596/0.3591  lr=5.1e-05  00:02:25 [BEST]
2026-06-02 06:23:01 |          AKIE=0.31  BCC=0.85  BEN_=0.00  BKL=0.31  DF=0.38  INF=0.00  MAL_=0.00  MEL=0.37  NV=0.63  SCCK=0.61  VASC=0.48
2026-06-02 06:24:21 | [003/30]  Loss 0.4749/0.4206  Acc 0.8900/0.9075  F1 0.3546/0.4129  lr=1.0e-04  00:03:45 [BEST]
2026-06-02 06:24:21 |          AKIE=0.35  BCC=0.86  BEN_=0.15  BKL=0.39  DF=0.50  INF=0.22  MAL_=0.00  MEL=0.50  NV=0.63  SCCK=0.60  VASC=0.33
2026-06-02 06:25:47 | [004/30]  Loss 0.4125/0.4125  Acc 0.9015/0.9208  F1 0.4078/0.4634  lr=1.0e-04  00:05:10 [BEST]
2026-06-02 06:25:47 |          AKIE=0.42  BCC=0.87  BEN_=0.11  BKL=0.39  DF=0.67  INF=0.32  MAL_=0.00  MEL=0.59  NV=0.66  SCCK=0.58  VASC=0.48
2026-06-02 06:27:06 | [005/30]  Loss 0.3675/0.4073  Acc 0.9118/0.9227  F1 0.4522/0.4156  lr=9.9e-05  00:06:30
2026-06-02 06:27:06 |          AKIE=0.44  BCC=0.87  BEN_=0.17  BKL=0.47  DF=0.29  INF=0.19  MAL_=0.00  MEL=0.45  NV=0.70  SCCK=0.61  VASC=0.39
2026-06-02 06:28:22 | [006/30]  Loss 0.3303/0.3628  Acc 0.9224/0.9270  F1 0.5034/0.4743  lr=9.7e-05  00:07:45 [BEST]
2026-06-02 06:28:22 |          AKIE=0.44  BCC=0.88  BEN_=0.30  BKL=0.42  DF=0.36  INF=0.19  MAL_=0.00  MEL=0.63  NV=0.73  SCCK=0.57  VASC=0.70
2026-06-02 06:29:52 | [007/30]  Loss 0.2995/0.4054  Acc 0.9305/0.9364  F1 0.5299/0.4805  lr=9.5e-05  00:09:15 [BEST]
2026-06-02 06:29:52 |          AKIE=0.56  BCC=0.89  BEN_=0.20  BKL=0.51  DF=0.42  INF=0.15  MAL_=0.00  MEL=0.50  NV=0.69  SCCK=0.64  VASC=0.74
2026-06-02 06:31:13 | [008/30]  Loss 0.2653/0.4011  Acc 0.9389/0.9268  F1 0.6185/0.4513  lr=9.2e-05  00:10:36
2026-06-02 06:31:13 |          AKIE=0.45  BCC=0.88  BEN_=0.15  BKL=0.44  DF=0.50  INF=0.21  MAL_=0.00  MEL=0.62  NV=0.62  SCCK=0.65  VASC=0.44
2026-06-02 06:32:28 | [009/30]  Loss 0.2411/0.4241  Acc 0.9431/0.9368  F1 0.6365/0.4908  lr=8.9e-05  00:11:52 [BEST]
2026-06-02 06:32:28 |          AKIE=0.49  BCC=0.90  BEN_=0.00  BKL=0.49  DF=0.67  INF=0.42  MAL_=0.00  MEL=0.46  NV=0.72  SCCK=0.71  VASC=0.54
2026-06-02 06:33:57 | [010/30]  Loss 0.2260/0.4199  Acc 0.9474/0.9321  F1 0.7058/0.4712  lr=8.5e-05  00:13:21
2026-06-02 06:33:57 |          AKIE=0.48  BCC=0.90  BEN_=0.00  BKL=0.43  DF=0.47  INF=0.25  MAL_=0.00  MEL=0.52  NV=0.74  SCCK=0.62  VASC=0.78
2026-06-02 06:35:16 | [011/30]  Loss 0.1979/0.4407  Acc 0.9547/0.9432  F1 0.7460/0.5016  lr=8.1e-05  00:14:39 [BEST]
2026-06-02 06:35:16 |          AKIE=0.53  BCC=0.89  BEN_=0.15  BKL=0.52  DF=0.58  INF=0.19  MAL_=0.00  MEL=0.56  NV=0.73  SCCK=0.66  VASC=0.70
2026-06-02 06:36:40 | [012/30]  Loss 0.1811/0.5117  Acc 0.9597/0.9447  F1 0.7470/0.4876  lr=7.7e-05  00:16:04
2026-06-02 06:36:40 |          AKIE=0.51  BCC=0.89  BEN_=0.18  BKL=0.53  DF=0.48  INF=0.19  MAL_=0.00  MEL=0.61  NV=0.73  SCCK=0.61  VASC=0.64
2026-06-02 06:37:57 | [013/30]  Loss 0.1614/0.4935  Acc 0.9638/0.9480  F1 0.7701/0.5335  lr=7.2e-05  00:17:20 [BEST]
2026-06-02 06:37:57 |          AKIE=0.46  BCC=0.89  BEN_=0.33  BKL=0.50  DF=0.67  INF=0.21  MAL_=0.00  MEL=0.64  NV=0.74  SCCK=0.68  VASC=0.75
2026-06-02 06:39:26 | [014/30]  Loss 0.1479/0.5674  Acc 0.9691/0.9478  F1 0.8026/0.5013  lr=6.7e-05  00:18:50
2026-06-02 06:39:26 |          AKIE=0.54  BCC=0.89  BEN_=0.29  BKL=0.48  DF=0.53  INF=0.27  MAL_=0.00  MEL=0.61  NV=0.72  SCCK=0.67  VASC=0.52
2026-06-02 06:41:32 | [015/30]  Loss 0.1417/0.5631  Acc 0.9705/0.9500  F1 0.8264/0.5107  lr=6.1e-05  00:20:56
2026-06-02 06:41:32 |          AKIE=0.52  BCC=0.89  BEN_=0.29  BKL=0.50  DF=0.50  INF=0.21  MAL_=0.00  MEL=0.64  NV=0.71  SCCK=0.67  VASC=0.70
2026-06-02 06:42:46 | [016/30]  Loss 0.1182/0.6116  Acc 0.9751/0.9479  F1 0.8222/0.4945  lr=5.6e-05  00:22:09
2026-06-02 06:42:46 |          AKIE=0.51  BCC=0.89  BEN_=0.25  BKL=0.47  DF=0.44  INF=0.24  MAL_=0.00  MEL=0.59  NV=0.72  SCCK=0.65  VASC=0.67
2026-06-02 06:44:14 | [017/30]  Loss 0.1082/0.6358  Acc 0.9779/0.9507  F1 0.8623/0.5109  lr=5.0e-05  00:23:38
2026-06-02 06:44:14 |          AKIE=0.56  BCC=0.89  BEN_=0.13  BKL=0.46  DF=0.46  INF=0.29  MAL_=0.00  MEL=0.60  NV=0.75  SCCK=0.66  VASC=0.82
2026-06-02 06:45:42 | [018/30]  Loss 0.0941/0.6890  Acc 0.9803/0.9558  F1 0.8784/0.5236  lr=4.4e-05  00:25:06
2026-06-02 06:45:42 |          AKIE=0.50  BCC=0.89  BEN_=0.15  BKL=0.56  DF=0.47  INF=0.27  MAL_=0.00  MEL=0.67  NV=0.76  SCCK=0.67  VASC=0.82
2026-06-02 06:47:00 | [019/30]  Loss 0.0923/0.6652  Acc 0.9813/0.9552  F1 0.8895/0.5197  lr=3.9e-05  00:26:24
2026-06-02 06:47:00 |          AKIE=0.54  BCC=0.89  BEN_=0.15  BKL=0.55  DF=0.50  INF=0.15  MAL_=0.00  MEL=0.67  NV=0.73  SCCK=0.71  VASC=0.82
2026-06-02 06:48:23 | [020/30]  Loss 0.0826/0.6968  Acc 0.9832/0.9555  F1 0.8837/0.5004  lr=3.4e-05  00:27:47
2026-06-02 06:48:23 |          AKIE=0.52  BCC=0.90  BEN_=0.00  BKL=0.54  DF=0.48  INF=0.14  MAL_=0.00  MEL=0.65  NV=0.77  SCCK=0.68  VASC=0.82
2026-06-02 06:49:46 | [021/30]  Loss 0.0712/0.7932  Acc 0.9873/0.9538  F1 0.9086/0.5004  lr=2.8e-05  00:29:10
2026-06-02 06:49:46 |          AKIE=0.48  BCC=0.90  BEN_=0.15  BKL=0.47  DF=0.46  INF=0.24  MAL_=0.00  MEL=0.64  NV=0.73  SCCK=0.66  VASC=0.78
2026-06-02 06:50:06 | Early stopping at epoch 21
2026-06-02 06:50:06 | Done  best_val_f1=0.5335  total_time=00:29:30
2026-06-02 06:50:39 | Building datasets ...
2026-06-02 06:50:39 |   Train: 4192 | Val: 1048
2026-06-02 06:50:39 |   pos_weight: [10.0, 1.08, 10.0, 8.64, 10.0, 10.0, 10.0, 10.0, 6.02, 10.0, 10.0]
2026-06-02 06:50:39 | Training swin_base_patch4_window7_224  epochs=30  bs=32  lr=1.0e-04
2026-06-02 06:50:39 |      Epoch     Loss tr/val    Acc tr/val     F1 tr/val  LR
2026-06-02 06:51:48 | [001/30]  Loss 0.8947/0.7750  Acc 0.6783/0.8200  F1 0.1339/0.1597  lr=1.0e-06  00:01:08 [BEST]
2026-06-02 06:51:48 |          AKIE=0.11  BCC=0.63  BEN_=0.00  BKL=0.17  DF=0.00  INF=0.00  MAL_=0.00  MEL=0.24  NV=0.37  SCCK=0.25  VASC=0.00
2026-06-02 06:53:44 | [002/30]  Loss 0.5628/0.4495  Acc 0.8655/0.8855  F1 0.2651/0.3729  lr=5.1e-05  00:03:04 [BEST]
2026-06-02 06:53:44 |          AKIE=0.24  BCC=0.86  BEN_=0.15  BKL=0.35  DF=0.31  INF=0.00  MAL_=0.00  MEL=0.40  NV=0.65  SCCK=0.64  VASC=0.50
2026-06-02 06:55:31 | [003/30]  Loss 0.4755/0.4194  Acc 0.8918/0.9120  F1 0.3740/0.4192  lr=1.0e-04  00:04:51 [BEST]
2026-06-02 06:55:31 |          AKIE=0.32  BCC=0.85  BEN_=0.31  BKL=0.41  DF=0.43  INF=0.15  MAL_=0.00  MEL=0.47  NV=0.64  SCCK=0.63  VASC=0.39
2026-06-02 06:57:17 | [004/30]  Loss 0.4305/0.3807  Acc 0.8981/0.9144  F1 0.4028/0.4333  lr=1.0e-04  00:06:38 [BEST]
2026-06-02 06:57:17 |          AKIE=0.39  BCC=0.87  BEN_=0.32  BKL=0.43  DF=0.44  INF=0.17  MAL_=0.00  MEL=0.50  NV=0.72  SCCK=0.59  VASC=0.32
2026-06-02 06:59:03 | [005/30]  Loss 0.3656/0.3702  Acc 0.9094/0.9214  F1 0.4620/0.4691  lr=9.9e-05  00:08:24 [BEST]
2026-06-02 06:59:03 |          AKIE=0.42  BCC=0.89  BEN_=0.31  BKL=0.44  DF=0.45  INF=0.21  MAL_=0.00  MEL=0.49  NV=0.68  SCCK=0.62  VASC=0.64
2026-06-02 07:00:36 | [006/30]  Loss 0.3270/0.3771  Acc 0.9213/0.9379  F1 0.5378/0.4861  lr=9.7e-05  00:09:57 [BEST]
2026-06-02 07:00:36 |          AKIE=0.50  BCC=0.87  BEN_=0.14  BKL=0.51  DF=0.36  INF=0.24  MAL_=0.00  MEL=0.59  NV=0.72  SCCK=0.68  VASC=0.73
2026-06-02 07:02:10 | [007/30]  Loss 0.3018/0.4110  Acc 0.9264/0.9272  F1 0.5814/0.4313  lr=9.5e-05  00:11:31
2026-06-02 07:02:10 |          AKIE=0.46  BCC=0.90  BEN_=0.18  BKL=0.48  DF=0.37  INF=0.18  MAL_=0.00  MEL=0.45  NV=0.68  SCCK=0.65  VASC=0.41
2026-06-02 07:03:27 | [008/30]  Loss 0.2728/0.3763  Acc 0.9362/0.9288  F1 0.6052/0.4796  lr=9.2e-05  00:12:47
2026-06-02 07:03:27 |          AKIE=0.45  BCC=0.90  BEN_=0.20  BKL=0.44  DF=0.37  INF=0.28  MAL_=0.00  MEL=0.56  NV=0.69  SCCK=0.60  VASC=0.80
2026-06-02 07:05:23 | [009/30]  Loss 0.2423/0.4243  Acc 0.9416/0.9267  F1 0.6725/0.4859  lr=8.9e-05  00:14:43
2026-06-02 07:05:23 |          AKIE=0.41  BCC=0.89  BEN_=0.10  BKL=0.48  DF=0.64  INF=0.24  MAL_=0.00  MEL=0.47  NV=0.75  SCCK=0.60  VASC=0.76
2026-06-02 07:06:57 | [010/30]  Loss 0.2249/0.4196  Acc 0.9453/0.9316  F1 0.7023/0.5008  lr=8.5e-05  00:16:17 [BEST]
2026-06-02 07:06:57 |          AKIE=0.45  BCC=0.88  BEN_=0.30  BKL=0.44  DF=0.44  INF=0.22  MAL_=0.00  MEL=0.55  NV=0.70  SCCK=0.68  VASC=0.84
2026-06-02 07:08:25 | [011/30]  Loss 0.2015/0.4303  Acc 0.9561/0.9380  F1 0.7559/0.5029  lr=8.1e-05  00:17:46 [BEST]
2026-06-02 07:08:25 |          AKIE=0.52  BCC=0.88  BEN_=0.27  BKL=0.48  DF=0.48  INF=0.30  MAL_=0.00  MEL=0.52  NV=0.76  SCCK=0.63  VASC=0.70
2026-06-02 07:09:47 | [012/30]  Loss 0.1827/0.4671  Acc 0.9575/0.9391  F1 0.7440/0.4832  lr=7.7e-05  00:19:07
2026-06-02 07:09:47 |          AKIE=0.51  BCC=0.87  BEN_=0.18  BKL=0.49  DF=0.32  INF=0.26  MAL_=0.00  MEL=0.61  NV=0.73  SCCK=0.64  VASC=0.70
2026-06-02 07:11:30 | [013/30]  Loss 0.1637/0.5066  Acc 0.9638/0.9471  F1 0.7662/0.5314  lr=7.2e-05  00:20:50 [BEST]
2026-06-02 07:11:30 |          AKIE=0.48  BCC=0.89  BEN_=0.27  BKL=0.53  DF=0.57  INF=0.25  MAL_=0.00  MEL=0.61  NV=0.76  SCCK=0.65  VASC=0.84
2026-06-02 07:13:11 | [014/30]  Loss 0.1510/0.4926  Acc 0.9673/0.9461  F1 0.8057/0.4894  lr=6.7e-05  00:22:32
2026-06-02 07:13:11 |          AKIE=0.45  BCC=0.89  BEN_=0.11  BKL=0.50  DF=0.52  INF=0.16  MAL_=0.00  MEL=0.65  NV=0.75  SCCK=0.68  VASC=0.67
2026-06-02 07:14:27 | [015/30]  Loss 0.1370/0.6042  Acc 0.9709/0.9499  F1 0.7988/0.5002  lr=6.1e-05  00:23:48
2026-06-02 07:14:27 |          AKIE=0.49  BCC=0.89  BEN_=0.18  BKL=0.52  DF=0.48  INF=0.29  MAL_=0.00  MEL=0.63  NV=0.73  SCCK=0.63  VASC=0.67
2026-06-02 07:16:09 | [016/30]  Loss 0.1162/0.5952  Acc 0.9743/0.9505  F1 0.8342/0.5181  lr=5.6e-05  00:25:29
2026-06-02 07:16:09 |          AKIE=0.55  BCC=0.89  BEN_=0.10  BKL=0.51  DF=0.57  INF=0.32  MAL_=0.00  MEL=0.59  NV=0.74  SCCK=0.67  VASC=0.76
2026-06-02 07:17:37 | [017/30]  Loss 0.1098/0.6280  Acc 0.9776/0.9526  F1 0.8619/0.5445  lr=5.0e-05  00:26:57 [BEST]
2026-06-02 07:17:37 |          AKIE=0.56  BCC=0.89  BEN_=0.21  BKL=0.54  DF=0.59  INF=0.29  MAL_=0.00  MEL=0.59  NV=0.75  SCCK=0.71  VASC=0.88
2026-06-02 07:19:28 | [018/30]  Loss 0.1000/0.5851  Acc 0.9790/0.9508  F1 0.8716/0.5400  lr=4.4e-05  00:28:49
2026-06-02 07:19:28 |          AKIE=0.50  BCC=0.89  BEN_=0.20  BKL=0.53  DF=0.55  INF=0.40  MAL_=0.00  MEL=0.64  NV=0.73  SCCK=0.66  VASC=0.84
2026-06-02 07:20:41 | [019/30]  Loss 0.0929/0.7277  Acc 0.9820/0.9554  F1 0.8883/0.5701  lr=3.9e-05  00:30:02 [BEST]
2026-06-02 07:20:41 |          AKIE=0.53  BCC=0.88  BEN_=0.27  BKL=0.52  DF=0.74  INF=0.38  MAL_=0.00  MEL=0.68  NV=0.75  SCCK=0.69  VASC=0.84
2026-06-02 07:22:52 | [020/30]  Loss 0.0847/0.7142  Acc 0.9847/0.9562  F1 0.9053/0.5593  lr=3.4e-05  00:32:13
2026-06-02 07:22:52 |          AKIE=0.54  BCC=0.89  BEN_=0.27  BKL=0.55  DF=0.70  INF=0.33  MAL_=0.00  MEL=0.65  NV=0.75  SCCK=0.67  VASC=0.80
2026-06-02 07:24:14 | [021/30]  Loss 0.0824/0.8206  Acc 0.9845/0.9539  F1 0.8863/0.5276  lr=2.8e-05  00:33:34
2026-06-02 07:24:14 |          AKIE=0.47  BCC=0.87  BEN_=0.22  BKL=0.48  DF=0.61  INF=0.29  MAL_=0.00  MEL=0.64  NV=0.77  SCCK=0.68  VASC=0.78
2026-06-02 07:25:48 | [022/30]  Loss 0.0724/0.7347  Acc 0.9865/0.9586  F1 0.9178/0.5621  lr=2.3e-05  00:35:08
2026-06-02 07:25:48 |          AKIE=0.55  BCC=0.89  BEN_=0.25  BKL=0.53  DF=0.67  INF=0.35  MAL_=0.00  MEL=0.68  NV=0.78  SCCK=0.70  VASC=0.78
