2026-06-04 07:12:53 | Building datasets ...
2026-06-04 07:12:53 |   Train: 4716 | Val: 524
2026-06-04 07:12:53 |   pos_weight: [10.0, 1.08, 10.0, 8.62, 10.0, 10.0, 10.0, 10.0, 6.03, 10.0, 10.0]
2026-06-04 07:12:53 | Training swin_base_patch4_window7_224  epochs=30  bs=64  lr=1.0e-04
2026-06-04 07:12:53 |      Epoch     Loss tr/val    Acc tr/val     F1 tr/val  LR
2026-06-04 07:14:10 | [001/30]  Loss 1.3029/0.9778  Acc 0.5265/0.5760  F1 0.1475/0.1062  lr=1.0e-06  00:01:17 [BEST]
2026-06-04 07:14:10 |          AKIE=0.11  BCC=0.47  BEN_=0.02  BKL=0.13  DF=0.05  INF=0.02  MAL_=0.01  MEL=0.17  NV=0.18  SCCK=0.00  VASC=0.00
2026-06-04 07:15:38 | [002/30]  Loss 1.2050/0.9487  Acc 0.5670/0.6216  F1 0.1607/0.1331  lr=5.1e-05  00:02:45 [BEST]
2026-06-04 07:15:38 |          AKIE=0.13  BCC=0.00  BEN_=0.01  BKL=0.12  DF=0.03  INF=0.05  MAL_=0.00  MEL=0.26  NV=0.49  SCCK=0.32  VASC=0.04
2026-06-04 07:17:06 | [003/30]  Loss 1.0662/0.8416  Acc 0.6443/0.7025  F1 0.1749/0.1768  lr=1.0e-04  00:04:13 [BEST]
2026-06-04 07:17:06 |          AKIE=0.17  BCC=0.00  BEN_=0.02  BKL=0.18  DF=0.04  INF=0.11  MAL_=0.00  MEL=0.41  NV=0.67  SCCK=0.28  VASC=0.06
2026-06-04 07:18:56 | [004/30]  Loss 0.9287/0.7382  Acc 0.7023/0.7259  F1 0.2169/0.2022  lr=1.0e-04  00:06:02 [BEST]
2026-06-04 07:18:56 |          AKIE=0.18  BCC=0.00  BEN_=0.06  BKL=0.22  DF=0.05  INF=0.08  MAL_=0.00  MEL=0.42  NV=0.68  SCCK=0.45  VASC=0.08
2026-06-04 07:20:56 | [005/30]  Loss 0.8175/0.6716  Acc 0.7354/0.7491  F1 0.2172/0.2045  lr=9.9e-05  00:08:03 [BEST]
2026-06-04 07:20:56 |          AKIE=0.16  BCC=0.00  BEN_=0.06  BKL=0.24  DF=0.10  INF=0.14  MAL_=0.00  MEL=0.43  NV=0.68  SCCK=0.34  VASC=0.11
2026-06-04 07:22:33 | [006/30]  Loss 0.7653/0.6645  Acc 0.7647/0.7627  F1 0.2638/0.2194  lr=9.7e-05  00:09:40 [BEST]
2026-06-04 07:22:33 |          AKIE=0.18  BCC=0.01  BEN_=0.09  BKL=0.26  DF=0.06  INF=0.11  MAL_=0.00  MEL=0.43  NV=0.72  SCCK=0.39  VASC=0.16
2026-06-04 07:24:15 | [007/30]  Loss 0.7112/0.6436  Acc 0.7802/0.7722  F1 0.2911/0.2255  lr=9.5e-05  00:11:22 [BEST]
2026-06-04 07:24:15 |          AKIE=0.20  BCC=0.01  BEN_=0.09  BKL=0.24  DF=0.06  INF=0.13  MAL_=0.00  MEL=0.43  NV=0.71  SCCK=0.40  VASC=0.22
2026-06-04 07:26:11 | [008/30]  Loss 0.6907/0.6102  Acc 0.7978/0.7691  F1 0.3297/0.2426  lr=9.2e-05  00:13:18 [BEST]
2026-06-04 07:26:11 |          AKIE=0.16  BCC=0.13  BEN_=0.11  BKL=0.21  DF=0.23  INF=0.17  MAL_=0.00  MEL=0.43  NV=0.70  SCCK=0.33  VASC=0.20
2026-06-04 07:28:27 | [009/30]  Loss 0.6830/0.5852  Acc 0.7914/0.8014  F1 0.2977/0.2577  lr=8.9e-05  00:15:33 [BEST]
2026-06-04 07:28:27 |          AKIE=0.20  BCC=0.17  BEN_=0.10  BKL=0.27  DF=0.10  INF=0.11  MAL_=0.00  MEL=0.45  NV=0.72  SCCK=0.48  VASC=0.23
2026-06-04 07:30:31 | [010/30]  Loss 0.6819/0.5889  Acc 0.7963/0.7916  F1 0.3077/0.2629  lr=8.5e-05  00:17:38 [BEST]
2026-06-04 07:30:31 |          AKIE=0.18  BCC=0.29  BEN_=0.13  BKL=0.26  DF=0.09  INF=0.13  MAL_=0.00  MEL=0.44  NV=0.72  SCCK=0.42  VASC=0.25
2026-06-04 07:32:09 | [011/30]  Loss 0.6325/0.5810  Acc 0.8028/0.7956  F1 0.3195/0.2583  lr=8.1e-05  00:19:16
2026-06-04 07:32:09 |          AKIE=0.18  BCC=0.24  BEN_=0.13  BKL=0.26  DF=0.10  INF=0.15  MAL_=0.00  MEL=0.46  NV=0.73  SCCK=0.40  VASC=0.20
2026-06-04 07:33:36 | [012/30]  Loss 0.6240/0.5716  Acc 0.8112/0.8000  F1 0.3397/0.2582  lr=7.7e-05  00:20:43
2026-06-04 07:33:36 |          AKIE=0.18  BCC=0.29  BEN_=0.11  BKL=0.26  DF=0.13  INF=0.11  MAL_=0.00  MEL=0.45  NV=0.73  SCCK=0.37  VASC=0.22
2026-06-04 07:35:53 | [013/30]  Loss 0.6309/0.5697  Acc 0.8130/0.8053  F1 0.3462/0.2609  lr=7.2e-05  00:23:00
2026-06-04 07:35:53 |          AKIE=0.21  BCC=0.28  BEN_=0.09  BKL=0.25  DF=0.10  INF=0.12  MAL_=0.00  MEL=0.43  NV=0.72  SCCK=0.42  VASC=0.24
2026-06-04 07:37:15 | [014/30]  Loss 0.5825/0.5568  Acc 0.8127/0.8201  F1 0.3241/0.2812  lr=6.7e-05  00:24:22 [BEST]
2026-06-04 07:37:15 |          AKIE=0.21  BCC=0.28  BEN_=0.14  BKL=0.28  DF=0.14  INF=0.10  MAL_=0.00  MEL=0.44  NV=0.71  SCCK=0.48  VASC=0.32
2026-06-04 07:38:51 | [015/30]  Loss 0.5803/0.5463  Acc 0.8186/0.8229  F1 0.3442/0.2823  lr=6.1e-05  00:25:58 [BEST]
2026-06-04 07:38:51 |          AKIE=0.21  BCC=0.30  BEN_=0.14  BKL=0.29  DF=0.23  INF=0.15  MAL_=0.00  MEL=0.44  NV=0.73  SCCK=0.38  VASC=0.23
2026-06-04 07:40:25 | [016/30]  Loss 0.5643/0.5412  Acc 0.8339/0.8289  F1 0.3902/0.2958  lr=5.6e-05  00:27:32 [BEST]
2026-06-04 07:40:25 |          AKIE=0.22  BCC=0.39  BEN_=0.14  BKL=0.28  DF=0.18  INF=0.10  MAL_=0.00  MEL=0.45  NV=0.71  SCCK=0.46  VASC=0.32
2026-06-04 07:41:58 | [017/30]  Loss 0.5846/0.5355  Acc 0.8172/0.8324  F1 0.3331/0.2979  lr=5.0e-05  00:29:05 [BEST]
2026-06-04 07:41:58 |          AKIE=0.22  BCC=0.42  BEN_=0.17  BKL=0.28  DF=0.17  INF=0.11  MAL_=0.00  MEL=0.44  NV=0.71  SCCK=0.49  VASC=0.27
2026-06-04 07:43:30 | [018/30]  Loss 0.5715/0.5392  Acc 0.8258/0.8305  F1 0.3667/0.3030  lr=4.4e-05  00:30:37 [BEST]
2026-06-04 07:43:30 |          AKIE=0.20  BCC=0.48  BEN_=0.09  BKL=0.29  DF=0.24  INF=0.11  MAL_=0.00  MEL=0.45  NV=0.71  SCCK=0.46  VASC=0.30
2026-06-04 07:45:19 | [019/30]  Loss 0.5067/0.5286  Acc 0.8352/0.8430  F1 0.3840/0.3127  lr=3.9e-05  00:32:25 [BEST]
2026-06-04 07:45:19 |          AKIE=0.24  BCC=0.51  BEN_=0.14  BKL=0.29  DF=0.17  INF=0.13  MAL_=0.00  MEL=0.46  NV=0.71  SCCK=0.49  VASC=0.30
2026-06-04 07:47:00 | [020/30]  Loss 0.5665/0.5249  Acc 0.8253/0.8451  F1 0.3520/0.3136  lr=3.4e-05  00:34:07 [BEST]
2026-06-04 07:47:00 |          AKIE=0.24  BCC=0.55  BEN_=0.15  BKL=0.29  DF=0.12  INF=0.15  MAL_=0.00  MEL=0.45  NV=0.71  SCCK=0.48  VASC=0.30
2026-06-04 07:48:51 | [021/30]  Loss 0.5766/0.5234  Acc 0.8286/0.8484  F1 0.3697/0.3213  lr=2.8e-05  00:35:58 [BEST]
2026-06-04 07:48:51 |          AKIE=0.24  BCC=0.56  BEN_=0.15  BKL=0.30  DF=0.18  INF=0.14  MAL_=0.00  MEL=0.44  NV=0.71  SCCK=0.49  VASC=0.32
2026-06-04 07:50:31 | [022/30]  Loss 0.5909/0.5309  Acc 0.8407/0.8407  F1 0.4307/0.3232  lr=2.3e-05  00:37:38 [BEST]
2026-06-04 07:50:31 |          AKIE=0.20  BCC=0.53  BEN_=0.10  BKL=0.30  DF=0.30  INF=0.14  MAL_=0.00  MEL=0.47  NV=0.71  SCCK=0.49  VASC=0.32
2026-06-04 07:52:10 | [023/30]  Loss 0.5371/0.5151  Acc 0.8287/0.8544  F1 0.3676/0.3304  lr=1.9e-05  00:39:17 [BEST]
2026-06-04 07:52:10 |          AKIE=0.26  BCC=0.60  BEN_=0.17  BKL=0.30  DF=0.23  INF=0.12  MAL_=0.00  MEL=0.47  NV=0.71  SCCK=0.47  VASC=0.30
2026-06-04 07:53:50 | [024/30]  Loss 0.5254/0.5189  Acc 0.8284/0.8501  F1 0.3646/0.3235  lr=1.5e-05  00:40:57
2026-06-04 07:53:50 |          AKIE=0.24  BCC=0.56  BEN_=0.10  BKL=0.30  DF=0.24  INF=0.15  MAL_=0.00  MEL=0.46  NV=0.71  SCCK=0.48  VASC=0.33
2026-06-04 07:55:21 | [025/30]  Loss 0.5386/0.5227  Acc 0.8351/0.8472  F1 0.3890/0.3183  lr=1.1e-05  00:42:28
2026-06-04 07:55:21 |          AKIE=0.24  BCC=0.54  BEN_=0.10  BKL=0.30  DF=0.23  INF=0.13  MAL_=0.00  MEL=0.44  NV=0.71  SCCK=0.48  VASC=0.33
2026-06-04 07:56:57 | [026/30]  Loss 0.5153/0.5240  Acc 0.8409/0.8454  F1 0.4088/0.3165  lr=7.8e-06  00:44:04
2026-06-04 07:56:57 |          AKIE=0.23  BCC=0.54  BEN_=0.10  BKL=0.29  DF=0.18  INF=0.12  MAL_=0.00  MEL=0.45  NV=0.71  SCCK=0.51  VASC=0.35
2026-06-04 07:58:27 | [027/30]  Loss 0.5414/0.5197  Acc 0.8409/0.8503  F1 0.4165/0.3206  lr=5.0e-06  00:45:34
2026-06-04 07:58:27 |          AKIE=0.25  BCC=0.55  BEN_=0.10  BKL=0.29  DF=0.22  INF=0.15  MAL_=0.00  MEL=0.44  NV=0.71  SCCK=0.53  VASC=0.30
2026-06-04 07:59:56 | [028/30]  Loss 0.5421/0.5198  Acc 0.8292/0.8492  F1 0.3661/0.3214  lr=2.9e-06  00:47:03
2026-06-04 07:59:56 |          AKIE=0.24  BCC=0.55  BEN_=0.10  BKL=0.30  DF=0.24  INF=0.16  MAL_=0.00  MEL=0.44  NV=0.71  SCCK=0.50  VASC=0.30
2026-06-04 08:01:34 | [029/30]  Loss 0.5633/0.5195  Acc 0.8273/0.8487  F1 0.3554/0.3196  lr=1.4e-06  00:48:41
2026-06-04 08:01:34 |          AKIE=0.25  BCC=0.56  BEN_=0.10  BKL=0.30  DF=0.22  INF=0.16  MAL_=0.00  MEL=0.44  NV=0.71  SCCK=0.48  VASC=0.30
2026-06-04 08:02:56 | [030/30]  Loss 0.5742/0.5198  Acc 0.8258/0.8492  F1 0.3540/0.3200  lr=4.1e-07  00:50:03
2026-06-04 08:02:56 |          AKIE=0.25  BCC=0.56  BEN_=0.10  BKL=0.30  DF=0.22  INF=0.16  MAL_=0.00  MEL=0.44  NV=0.71  SCCK=0.49  VASC=0.30
2026-06-04 08:03:14 | Loaded best weights: outputs/checkpoints/swin_base_patch4_window7_224/best.pth
2026-06-04 08:03:18 | ==================================================
2026-06-04 08:03:18 | ===== FINAL VALIDATION SUMMARY (best checkpoint) =====
2026-06-04 08:03:18 |   Acc@1      : 0.4656
2026-06-04 08:03:18 |   Acc@5      : 0.8989
2026-06-04 08:03:18 |   Precision  : 0.2722
2026-06-04 08:03:18 |   Recall     : 0.6605
2026-06-04 08:03:18 |   Macro F1   : 0.3304
2026-06-04 08:03:18 |   ROC-AUC    : 0.8418
2026-06-04 08:03:18 | ===== MODEL INFO =====
2026-06-04 08:03:18 |   Model      : swin_base_patch4_window7_224
2026-06-04 08:03:19 |   GFLOPs     : 0.18
2026-06-04 08:03:19 |   Params (M) : 86.76
2026-06-04 08:03:19 | ==================================================
2026-06-04 08:03:19 | ===== AUTO SUBMISSION =====
2026-06-04 08:03:24 |   [best] saved: outputs/submissions/submission_swin_base_patch4_window7_224_best.csv
2026-06-04 08:03:29 |   [last] saved: outputs/submissions/submission_swin_base_patch4_window7_224_last.csv
2026-06-04 08:03:29 | Done  best_val_f1=0.3304  total_time=00:50:36
